// Jest Snapshot v1, https://goo.gl/fbAQLP

exports[`Render Avatar render default 1`] = `
initialize {
  "0": Object {
    "attribs": Object {},
    "children": Array [
      Object {
        "attribs": Object {
          "class": "naruto-avatar naruto-avatar-circle naruto-avatar-image",
        },
        "children": Array [
          Object {
            "attribs": Object {
              "alt": "",
              "src": "https://zos.alipayobjects.com/rmsportal/ODTLcjxAfvqbxHnVXCYX.png",
              "srcset": "",
            },
            "children": Array [],
            "name": "img",
            "namespace": "http://www.w3.org/1999/xhtml",
            "next": null,
            "parent": [Circular],
            "prev": null,
            "type": "tag",
            "x-attribsNamespace": Object {
              "alt": undefined,
              "src": undefined,
              "srcset": undefined,
            },
            "x-attribsPrefix": Object {
              "alt": undefined,
              "src": undefined,
              "srcset": undefined,
            },
          },
        ],
        "name": "span",
        "namespace": "http://www.w3.org/1999/xhtml",
        "next": Object {
          "attribs": Object {
            "class": "naruto-avatar naruto-avatar-circle",
          },
          "children": Array [
            Object {
              "attribs": Object {
                "class": "naruto-icon naruto-icon-user",
              },
              "children": Array [
                Object {
                  "attribs": Object {
                    "href": "#icon-user",
                  },
                  "children": Array [],
                  "name": "use",
                  "namespace": "http://www.w3.org/2000/svg",
                  "next": null,
                  "parent": [Circular],
                  "prev": null,
                  "type": "tag",
                  "x-attribsNamespace": Object {
                    "href": "http://www.w3.org/1999/xlink",
                  },
                  "x-attribsPrefix": Object {
                    "href": "xlink",
                  },
                },
              ],
              "name": "svg",
              "namespace": "http://www.w3.org/2000/svg",
              "next": null,
              "parent": [Circular],
              "prev": null,
              "type": "tag",
              "x-attribsNamespace": Object {
                "class": undefined,
              },
              "x-attribsPrefix": Object {
                "class": undefined,
              },
            },
          ],
          "name": "span",
          "namespace": "http://www.w3.org/1999/xhtml",
          "next": Object {
            "attribs": Object {
              "class": "naruto-avatar naruto-avatar-circle",
              "style": "color:#f56a00;background-color:#fde3cf",
            },
            "children": Array [
              Object {
                "attribs": Object {
                  "class": "",
                },
                "children": Array [
                  Object {
                    "data": "U",
                    "next": null,
                    "parent": [Circular],
                    "prev": null,
                    "type": "text",
                  },
                ],
                "name": "span",
                "namespace": "http://www.w3.org/1999/xhtml",
                "next": null,
                "parent": [Circular],
                "prev": null,
                "type": "tag",
                "x-attribsNamespace": Object {
                  "class": undefined,
                },
                "x-attribsPrefix": Object {
                  "class": undefined,
                },
              },
            ],
            "name": "span",
            "namespace": "http://www.w3.org/1999/xhtml",
            "next": Object {
              "attribs": Object {
                "class": "naruto-avatar naruto-avatar-circle",
                "style": "background-color:#87d068",
              },
              "children": Array [
                Object {
                  "attribs": Object {
                    "class": "naruto-icon naruto-icon-user",
                  },
                  "children": Array [
                    Object {
                      "attribs": Object {
                        "href": "#icon-user",
                      },
                      "children": Array [],
                      "name": "use",
                      "namespace": "http://www.w3.org/2000/svg",
                      "next": null,
                      "parent": [Circular],
                      "prev": null,
                      "type": "tag",
                      "x-attribsNamespace": Object {
                        "href": "http://www.w3.org/1999/xlink",
                      },
                      "x-attribsPrefix": Object {
                        "href": "xlink",
                      },
                    },
                  ],
                  "name": "svg",
                  "namespace": "http://www.w3.org/2000/svg",
                  "next": null,
                  "parent": [Circular],
                  "prev": null,
                  "type": "tag",
                  "x-attribsNamespace": Object {
                    "class": undefined,
                  },
                  "x-attribsPrefix": Object {
                    "class": undefined,
                  },
                },
              ],
              "name": "span",
              "namespace": "http://www.w3.org/1999/xhtml",
              "next": null,
              "parent": [Circular],
              "prev": [Circular],
              "type": "tag",
              "x-attribsNamespace": Object {
                "class": undefined,
                "style": undefined,
              },
              "x-attribsPrefix": Object {
                "class": undefined,
                "style": undefined,
              },
            },
            "parent": [Circular],
            "prev": [Circular],
            "type": "tag",
            "x-attribsNamespace": Object {
              "class": undefined,
              "style": undefined,
            },
            "x-attribsPrefix": Object {
              "class": undefined,
              "style": undefined,
            },
          },
          "parent": [Circular],
          "prev": [Circular],
          "type": "tag",
          "x-attribsNamespace": Object {
            "class": undefined,
          },
          "x-attribsPrefix": Object {
            "class": undefined,
          },
        },
        "parent": [Circular],
        "prev": null,
        "type": "tag",
        "x-attribsNamespace": Object {
          "class": undefined,
        },
        "x-attribsPrefix": Object {
          "class": undefined,
        },
      },
      Object {
        "attribs": Object {
          "class": "naruto-avatar naruto-avatar-circle",
        },
        "children": Array [
          Object {
            "attribs": Object {
              "class": "naruto-icon naruto-icon-user",
            },
            "children": Array [
              Object {
                "attribs": Object {
                  "href": "#icon-user",
                },
                "children": Array [],
                "name": "use",
                "namespace": "http://www.w3.org/2000/svg",
                "next": null,
                "parent": [Circular],
                "prev": null,
                "type": "tag",
                "x-attribsNamespace": Object {
                  "href": "http://www.w3.org/1999/xlink",
                },
                "x-attribsPrefix": Object {
                  "href": "xlink",
                },
              },
            ],
            "name": "svg",
            "namespace": "http://www.w3.org/2000/svg",
            "next": null,
            "parent": [Circular],
            "prev": null,
            "type": "tag",
            "x-attribsNamespace": Object {
              "class": undefined,
            },
            "x-attribsPrefix": Object {
              "class": undefined,
            },
          },
        ],
        "name": "span",
        "namespace": "http://www.w3.org/1999/xhtml",
        "next": Object {
          "attribs": Object {
            "class": "naruto-avatar naruto-avatar-circle",
            "style": "color:#f56a00;background-color:#fde3cf",
          },
          "children": Array [
            Object {
              "attribs": Object {
                "class": "",
              },
              "children": Array [
                Object {
                  "data": "U",
                  "next": null,
                  "parent": [Circular],
                  "prev": null,
                  "type": "text",
                },
              ],
              "name": "span",
              "namespace": "http://www.w3.org/1999/xhtml",
              "next": null,
              "parent": [Circular],
              "prev": null,
              "type": "tag",
              "x-attribsNamespace": Object {
                "class": undefined,
              },
              "x-attribsPrefix": Object {
                "class": undefined,
              },
            },
          ],
          "name": "span",
          "namespace": "http://www.w3.org/1999/xhtml",
          "next": Object {
            "attribs": Object {
              "class": "naruto-avatar naruto-avatar-circle",
              "style": "background-color:#87d068",
            },
            "children": Array [
              Object {
                "attribs": Object {
                  "class": "naruto-icon naruto-icon-user",
                },
                "children": Array [
                  Object {
                    "attribs": Object {
                      "href": "#icon-user",
                    },
                    "children": Array [],
                    "name": "use",
                    "namespace": "http://www.w3.org/2000/svg",
                    "next": null,
                    "parent": [Circular],
                    "prev": null,
                    "type": "tag",
                    "x-attribsNamespace": Object {
                      "href": "http://www.w3.org/1999/xlink",
                    },
                    "x-attribsPrefix": Object {
                      "href": "xlink",
                    },
                  },
                ],
                "name": "svg",
                "namespace": "http://www.w3.org/2000/svg",
                "next": null,
                "parent": [Circular],
                "prev": null,
                "type": "tag",
                "x-attribsNamespace": Object {
                  "class": undefined,
                },
                "x-attribsPrefix": Object {
                  "class": undefined,
                },
              },
            ],
            "name": "span",
            "namespace": "http://www.w3.org/1999/xhtml",
            "next": null,
            "parent": [Circular],
            "prev": [Circular],
            "type": "tag",
            "x-attribsNamespace": Object {
              "class": undefined,
              "style": undefined,
            },
            "x-attribsPrefix": Object {
              "class": undefined,
              "style": undefined,
            },
          },
          "parent": [Circular],
          "prev": [Circular],
          "type": "tag",
          "x-attribsNamespace": Object {
            "class": undefined,
            "style": undefined,
          },
          "x-attribsPrefix": Object {
            "class": undefined,
            "style": undefined,
          },
        },
        "parent": [Circular],
        "prev": Object {
          "attribs": Object {
            "class": "naruto-avatar naruto-avatar-circle naruto-avatar-image",
          },
          "children": Array [
            Object {
              "attribs": Object {
                "alt": "",
                "src": "https://zos.alipayobjects.com/rmsportal/ODTLcjxAfvqbxHnVXCYX.png",
                "srcset": "",
              },
              "children": Array [],
              "name": "img",
              "namespace": "http://www.w3.org/1999/xhtml",
              "next": null,
              "parent": [Circular],
              "prev": null,
              "type": "tag",
              "x-attribsNamespace": Object {
                "alt": undefined,
                "src": undefined,
                "srcset": undefined,
              },
              "x-attribsPrefix": Object {
                "alt": undefined,
                "src": undefined,
                "srcset": undefined,
              },
            },
          ],
          "name": "span",
          "namespace": "http://www.w3.org/1999/xhtml",
          "next": [Circular],
          "parent": [Circular],
          "prev": null,
          "type": "tag",
          "x-attribsNamespace": Object {
            "class": undefined,
          },
          "x-attribsPrefix": Object {
            "class": undefined,
          },
        },
        "type": "tag",
        "x-attribsNamespace": Object {
          "class": undefined,
        },
        "x-attribsPrefix": Object {
          "class": undefined,
        },
      },
      Object {
        "attribs": Object {
          "class": "naruto-avatar naruto-avatar-circle",
          "style": "color:#f56a00;background-color:#fde3cf",
        },
        "children": Array [
          Object {
            "attribs": Object {
              "class": "",
            },
            "children": Array [
              Object {
                "data": "U",
                "next": null,
                "parent": [Circular],
                "prev": null,
                "type": "text",
              },
            ],
            "name": "span",
            "namespace": "http://www.w3.org/1999/xhtml",
            "next": null,
            "parent": [Circular],
            "prev": null,
            "type": "tag",
            "x-attribsNamespace": Object {
              "class": undefined,
            },
            "x-attribsPrefix": Object {
              "class": undefined,
            },
          },
        ],
        "name": "span",
        "namespace": "http://www.w3.org/1999/xhtml",
        "next": Object {
          "attribs": Object {
            "class": "naruto-avatar naruto-avatar-circle",
            "style": "background-color:#87d068",
          },
          "children": Array [
            Object {
              "attribs": Object {
                "class": "naruto-icon naruto-icon-user",
              },
              "children": Array [
                Object {
                  "attribs": Object {
                    "href": "#icon-user",
                  },
                  "children": Array [],
                  "name": "use",
                  "namespace": "http://www.w3.org/2000/svg",
                  "next": null,
                  "parent": [Circular],
                  "prev": null,
                  "type": "tag",
                  "x-attribsNamespace": Object {
                    "href": "http://www.w3.org/1999/xlink",
                  },
                  "x-attribsPrefix": Object {
                    "href": "xlink",
                  },
                },
              ],
              "name": "svg",
              "namespace": "http://www.w3.org/2000/svg",
              "next": null,
              "parent": [Circular],
              "prev": null,
              "type": "tag",
              "x-attribsNamespace": Object {
                "class": undefined,
              },
              "x-attribsPrefix": Object {
                "class": undefined,
              },
            },
          ],
          "name": "span",
          "namespace": "http://www.w3.org/1999/xhtml",
          "next": null,
          "parent": [Circular],
          "prev": [Circular],
          "type": "tag",
          "x-attribsNamespace": Object {
            "class": undefined,
            "style": undefined,
          },
          "x-attribsPrefix": Object {
            "class": undefined,
            "style": undefined,
          },
        },
        "parent": [Circular],
        "prev": Object {
          "attribs": Object {
            "class": "naruto-avatar naruto-avatar-circle",
          },
          "children": Array [
            Object {
              "attribs": Object {
                "class": "naruto-icon naruto-icon-user",
              },
              "children": Array [
                Object {
                  "attribs": Object {
                    "href": "#icon-user",
                  },
                  "children": Array [],
                  "name": "use",
                  "namespace": "http://www.w3.org/2000/svg",
                  "next": null,
                  "parent": [Circular],
                  "prev": null,
                  "type": "tag",
                  "x-attribsNamespace": Object {
                    "href": "http://www.w3.org/1999/xlink",
                  },
                  "x-attribsPrefix": Object {
                    "href": "xlink",
                  },
                },
              ],
              "name": "svg",
              "namespace": "http://www.w3.org/2000/svg",
              "next": null,
              "parent": [Circular],
              "prev": null,
              "type": "tag",
              "x-attribsNamespace": Object {
                "class": undefined,
              },
              "x-attribsPrefix": Object {
                "class": undefined,
              },
            },
          ],
          "name": "span",
          "namespace": "http://www.w3.org/1999/xhtml",
          "next": [Circular],
          "parent": [Circular],
          "prev": Object {
            "attribs": Object {
              "class": "naruto-avatar naruto-avatar-circle naruto-avatar-image",
            },
            "children": Array [
              Object {
                "attribs": Object {
                  "alt": "",
                  "src": "https://zos.alipayobjects.com/rmsportal/ODTLcjxAfvqbxHnVXCYX.png",
                  "srcset": "",
                },
                "children": Array [],
                "name": "img",
                "namespace": "http://www.w3.org/1999/xhtml",
                "next": null,
                "parent": [Circular],
                "prev": null,
                "type": "tag",
                "x-attribsNamespace": Object {
                  "alt": undefined,
                  "src": undefined,
                  "srcset": undefined,
                },
                "x-attribsPrefix": Object {
                  "alt": undefined,
                  "src": undefined,
                  "srcset": undefined,
                },
              },
            ],
            "name": "span",
            "namespace": "http://www.w3.org/1999/xhtml",
            "next": [Circular],
            "parent": [Circular],
            "prev": null,
            "type": "tag",
            "x-attribsNamespace": Object {
              "class": undefined,
            },
            "x-attribsPrefix": Object {
              "class": undefined,
            },
          },
          "type": "tag",
          "x-attribsNamespace": Object {
            "class": undefined,
          },
          "x-attribsPrefix": Object {
            "class": undefined,
          },
        },
        "type": "tag",
        "x-attribsNamespace": Object {
          "class": undefined,
          "style": undefined,
        },
        "x-attribsPrefix": Object {
          "class": undefined,
          "style": undefined,
        },
      },
      Object {
        "attribs": Object {
          "class": "naruto-avatar naruto-avatar-circle",
          "style": "background-color:#87d068",
        },
        "children": Array [
          Object {
            "attribs": Object {
              "class": "naruto-icon naruto-icon-user",
            },
            "children": Array [
              Object {
                "attribs": Object {
                  "href": "#icon-user",
                },
                "children": Array [],
                "name": "use",
                "namespace": "http://www.w3.org/2000/svg",
                "next": null,
                "parent": [Circular],
                "prev": null,
                "type": "tag",
                "x-attribsNamespace": Object {
                  "href": "http://www.w3.org/1999/xlink",
                },
                "x-attribsPrefix": Object {
                  "href": "xlink",
                },
              },
            ],
            "name": "svg",
            "namespace": "http://www.w3.org/2000/svg",
            "next": null,
            "parent": [Circular],
            "prev": null,
            "type": "tag",
            "x-attribsNamespace": Object {
              "class": undefined,
            },
            "x-attribsPrefix": Object {
              "class": undefined,
            },
          },
        ],
        "name": "span",
        "namespace": "http://www.w3.org/1999/xhtml",
        "next": null,
        "parent": [Circular],
        "prev": Object {
          "attribs": Object {
            "class": "naruto-avatar naruto-avatar-circle",
            "style": "color:#f56a00;background-color:#fde3cf",
          },
          "children": Array [
            Object {
              "attribs": Object {
                "class": "",
              },
              "children": Array [
                Object {
                  "data": "U",
                  "next": null,
                  "parent": [Circular],
                  "prev": null,
                  "type": "text",
                },
              ],
              "name": "span",
              "namespace": "http://www.w3.org/1999/xhtml",
              "next": null,
              "parent": [Circular],
              "prev": null,
              "type": "tag",
              "x-attribsNamespace": Object {
                "class": undefined,
              },
              "x-attribsPrefix": Object {
                "class": undefined,
              },
            },
          ],
          "name": "span",
          "namespace": "http://www.w3.org/1999/xhtml",
          "next": [Circular],
          "parent": [Circular],
          "prev": Object {
            "attribs": Object {
              "class": "naruto-avatar naruto-avatar-circle",
            },
            "children": Array [
              Object {
                "attribs": Object {
                  "class": "naruto-icon naruto-icon-user",
                },
                "children": Array [
                  Object {
                    "attribs": Object {
                      "href": "#icon-user",
                    },
                    "children": Array [],
                    "name": "use",
                    "namespace": "http://www.w3.org/2000/svg",
                    "next": null,
                    "parent": [Circular],
                    "prev": null,
                    "type": "tag",
                    "x-attribsNamespace": Object {
                      "href": "http://www.w3.org/1999/xlink",
                    },
                    "x-attribsPrefix": Object {
                      "href": "xlink",
                    },
                  },
                ],
                "name": "svg",
                "namespace": "http://www.w3.org/2000/svg",
                "next": null,
                "parent": [Circular],
                "prev": null,
                "type": "tag",
                "x-attribsNamespace": Object {
                  "class": undefined,
                },
                "x-attribsPrefix": Object {
                  "class": undefined,
                },
              },
            ],
            "name": "span",
            "namespace": "http://www.w3.org/1999/xhtml",
            "next": [Circular],
            "parent": [Circular],
            "prev": Object {
              "attribs": Object {
                "class": "naruto-avatar naruto-avatar-circle naruto-avatar-image",
              },
              "children": Array [
                Object {
                  "attribs": Object {
                    "alt": "",
                    "src": "https://zos.alipayobjects.com/rmsportal/ODTLcjxAfvqbxHnVXCYX.png",
                    "srcset": "",
                  },
                  "children": Array [],
                  "name": "img",
                  "namespace": "http://www.w3.org/1999/xhtml",
                  "next": null,
                  "parent": [Circular],
                  "prev": null,
                  "type": "tag",
                  "x-attribsNamespace": Object {
                    "alt": undefined,
                    "src": undefined,
                    "srcset": undefined,
                  },
                  "x-attribsPrefix": Object {
                    "alt": undefined,
                    "src": undefined,
                    "srcset": undefined,
                  },
                },
              ],
              "name": "span",
              "namespace": "http://www.w3.org/1999/xhtml",
              "next": [Circular],
              "parent": [Circular],
              "prev": null,
              "type": "tag",
              "x-attribsNamespace": Object {
                "class": undefined,
              },
              "x-attribsPrefix": Object {
                "class": undefined,
              },
            },
            "type": "tag",
            "x-attribsNamespace": Object {
              "class": undefined,
            },
            "x-attribsPrefix": Object {
              "class": undefined,
            },
          },
          "type": "tag",
          "x-attribsNamespace": Object {
            "class": undefined,
            "style": undefined,
          },
          "x-attribsPrefix": Object {
            "class": undefined,
            "style": undefined,
          },
        },
        "type": "tag",
        "x-attribsNamespace": Object {
          "class": undefined,
          "style": undefined,
        },
        "x-attribsPrefix": Object {
          "class": undefined,
          "style": undefined,
        },
      },
    ],
    "name": "div",
    "namespace": "http://www.w3.org/1999/xhtml",
    "next": null,
    "parent": null,
    "prev": null,
    "root": Object {
      "attribs": Object {},
      "children": Array [
        [Circular],
      ],
      "name": "root",
      "namespace": "http://www.w3.org/1999/xhtml",
      "next": null,
      "parent": null,
      "prev": null,
      "type": "root",
      "x-attribsNamespace": Object {},
      "x-attribsPrefix": Object {},
    },
    "type": "tag",
    "x-attribsNamespace": Object {},
    "x-attribsPrefix": Object {},
  },
  "_root": [Circular],
  "length": 1,
  "options": Object {
    "decodeEntities": true,
    "normalizeWhitespace": false,
    "withDomLvl1": true,
    "xml": false,
  },
}
`;
